// Jest Snapshot v1, https://goo.gl/fbAQLP

exports[`Polls Render UI 1`] = `
<h1>
  Hello Polls
</h1>
`;
