// Jest Snapshot v1, https://goo.gl/fbAQLP

exports[`<Folder> Render UI 1`] = `
<div>
  Test
</div>
`;
